# cmd: taskset -c 0 /home/nelson254/alphanso-analysis/SaG4n-timing/SaG4n_src/build/SaG4n /home/nelson254/alphanso-analysis/SaG4n-timing/inputs/generated/C-13_t0.inp
# returncode: 0
# wall_ns: 318225113671
# === STDOUT (last 80 lines) ===

**************************************************************
 Geant4 version Name: geant4-11-02-patch-01    (16-February-2024)
                       Copyright : Geant4 Collaboration
                      References : NIM A 506 (2003), 250-303
                                 : IEEE-TNS 53 (2006), 270-278
                                 : NIM A 835 (2016), 186-225
                             WWW : http://geant4.org/
**************************************************************


***** Table : Nb of materials = 1 *****

 Material:     C-13    density:  1.000 g/cm3   RadL:  46.226 cm   Nucl.Int.Length:  82.304 cm 
                       Imean:  81.000 eV   temperature: 293.00 K  pressure:   1.00 atm

   --->  Element: Z_6 (Z_6)   Z =  6.0   N =    13   A = 13.003 g/mole
         --->  Isotope: iso_6013   Z =  6   N =  13   A =  13.00 g/mole   abundance: 100.000 %
          ElmMassFraction: 100.00 %  ElmAbundance 100.00 % 



Checking overlaps for volume Sample:1 (G4Box) ... OK! 
 Attaching biasing operator to logical volume Sample with biasFactor = 1000 in alpha
 #### PROGRESS: 1905367/10000000 run histories have been computed (19.0537 %) in 1.01667 minutes (0.0169444 h) ---> (1.12448e+08 run histories/h) ####
 #### Estimated time left to complete the job (/home/nelson254/alphanso-analysis/SaG4n-timing/inputs/generated/C-13_t0.inp): 4.31914 minutes (0.0719856 h) ####
 #### PROGRESS: 3812420/10000000 run histories have been computed (38.1242 %) in 2.01667 minutes (0.0336111 h) ---> (1.13427e+08 run histories/h) ####
 #### Estimated time left to complete the job (/home/nelson254/alphanso-analysis/SaG4n-timing/inputs/generated/C-13_t0.inp): 3.27306 minutes (0.054551 h) ####
 #### PROGRESS: 7597704/10000000 run histories have been computed (75.977 %) in 4.01667 minutes (0.0669444 h) ---> (1.13493e+08 run histories/h) ####
 #### Estimated time left to complete the job (/home/nelson254/alphanso-analysis/SaG4n-timing/inputs/generated/C-13_t0.inp): 1.27002 minutes (0.021167 h) ####
 Job with input /home/nelson254/alphanso-analysis/SaG4n-timing/inputs/generated/C-13_t0.inp finished successfully after 319 seconds
# === STDERR ===

