# cmd: taskset -c 0 /home/nelson254/alphanso-analysis/SaG4n-timing/SaG4n_src/build/SaG4n /home/nelson254/alphanso-analysis/SaG4n-timing/inputs/generated/Li-6_t2.inp
# returncode: 0
# wall_ns: 223139596108
# === STDOUT (last 80 lines) ===

**************************************************************
 Geant4 version Name: geant4-11-02-patch-01    (16-February-2024)
                       Copyright : Geant4 Collaboration
                      References : NIM A 506 (2003), 250-303
                                 : IEEE-TNS 53 (2006), 270-278
                                 : NIM A 835 (2016), 186-225
                             WWW : http://geant4.org/
**************************************************************


***** Table : Nb of materials = 1 *****

 Material:     Li-6    density:  1.000 g/cm3   RadL:  71.738 cm   Nucl.Int.Length:  63.653 cm 
                       Imean:  40.000 eV   temperature: 293.00 K  pressure:   1.00 atm

   --->  Element: Z_3 (Z_3)   Z =  3.0   N =     6   A =  6.015 g/mole
         --->  Isotope: iso_3006   Z =  3   N =   6   A =   6.02 g/mole   abundance: 100.000 %
          ElmMassFraction: 100.00 %  ElmAbundance 100.00 % 



Checking overlaps for volume Sample:1 (G4Box) ... OK! 
 Attaching biasing operator to logical volume Sample with biasFactor = 1000 in alpha
 #### PROGRESS: 2721929/10000000 run histories have been computed (27.2193 %) in 1.01667 minutes (0.0169444 h) ---> (1.60638e+08 run histories/h) ####
 #### Estimated time left to complete the job (/home/nelson254/alphanso-analysis/SaG4n-timing/inputs/generated/Li-6_t2.inp): 2.71843 minutes (0.0453072 h) ####
 #### PROGRESS: 5437854/10000000 run histories have been computed (54.3785 %) in 2.01667 minutes (0.0336111 h) ---> (1.61787e+08 run histories/h) ####
 #### Estimated time left to complete the job (/home/nelson254/alphanso-analysis/SaG4n-timing/inputs/generated/Li-6_t2.inp): 1.6919 minutes (0.0281984 h) ####
 Job with input /home/nelson254/alphanso-analysis/SaG4n-timing/inputs/generated/Li-6_t2.inp finished successfully after 223 seconds
# === STDERR ===

