# cmd: taskset -c 0 /home/nelson254/alphanso-analysis/SaG4n-timing/SaG4n_src/build/SaG4n /home/nelson254/alphanso-analysis/SaG4n-timing/inputs/generated/O-18_t2.inp
# returncode: 0
# wall_ns: 355742783677
# === STDOUT (last 80 lines) ===

**************************************************************
 Geant4 version Name: geant4-11-02-patch-01    (16-February-2024)
                       Copyright : Geant4 Collaboration
                      References : NIM A 506 (2003), 250-303
                                 : IEEE-TNS 53 (2006), 270-278
                                 : NIM A 835 (2016), 186-225
                             WWW : http://geant4.org/
**************************************************************


***** Table : Nb of materials = 1 *****

 Material:     O-18    density:  1.000 g/cm3   RadL:  38.518 cm   Nucl.Int.Length:  91.725 cm 
                       Imean:  95.000 eV   temperature: 293.00 K  pressure:   1.00 atm

   --->  Element: Z_8 (Z_8)   Z =  8.0   N =    18   A = 17.999 g/mole
         --->  Isotope: iso_8018   Z =  8   N =  18   A =  18.00 g/mole   abundance: 100.000 %
          ElmMassFraction: 100.00 %  ElmAbundance 100.00 % 



Checking overlaps for volume Sample:1 (G4Box) ... OK! 
 Attaching biasing operator to logical volume Sample with biasFactor = 1000 in alpha
 #### PROGRESS: 1713453/10000000 run histories have been computed (17.1345 %) in 1.01667 minutes (0.0169444 h) ---> (1.01122e+08 run histories/h) ####
 #### Estimated time left to complete the job (/home/nelson254/alphanso-analysis/SaG4n-timing/inputs/generated/O-18_t2.inp): 4.91677 minutes (0.0819462 h) ####
 #### PROGRESS: 3409445/10000000 run histories have been computed (34.0945 %) in 2.01667 minutes (0.0336111 h) ---> (1.01438e+08 run histories/h) ####
 #### Estimated time left to complete the job (/home/nelson254/alphanso-analysis/SaG4n-timing/inputs/generated/O-18_t2.inp): 3.89827 minutes (0.0649712 h) ####
 #### PROGRESS: 6804897/10000000 run histories have been computed (68.049 %) in 4.01667 minutes (0.0669444 h) ---> (1.0165e+08 run histories/h) ####
 #### Estimated time left to complete the job (/home/nelson254/alphanso-analysis/SaG4n-timing/inputs/generated/O-18_t2.inp): 1.88595 minutes (0.0314324 h) ####
 Job with input /home/nelson254/alphanso-analysis/SaG4n-timing/inputs/generated/O-18_t2.inp finished successfully after 356 seconds
# === STDERR ===

